[2026-10-07 13:06:19] development.ERROR: The /app/bootstrap/cache directory must be present and writable. {"exception":"[object] (Exception(code: 0): The /app/bootstrap/cache directory must be present and writable. at /app/vendor/laravel/framework/src/Illuminate/Foundation/PackageManifest.php:179)
[stacktrace]
#0 /app/vendor/laravel/framework/src/Illuminate/Foundation/PackageManifest.php(132): Illuminate\\Foundation\\PackageManifest->write(Array)
#1 /app/vendor/laravel/framework/src/Illuminate/Foundation/PackageManifest.php(108): Illuminate\\Foundation\\PackageManifest->build()
#2 /app/vendor/laravel/framework/src/Illuminate/Foundation/PackageManifest.php(90): Illuminate\\Foundation\\PackageManifest->getManifest()
#3 /app/vendor/laravel/framework/src/Illuminate/Foundation/PackageManifest.php(79): Illuminate\\Foundation\\PackageManifest->config('aliases')
#4 /app/vendor/laravel/framework/src/Illuminate/Foundation/Bootstrap/RegisterFacades.php(26): Illuminate\\Foundation\\PackageManifest->aliases()
#5 /app/vendor/laravel/framework/src/Illuminate/Foundation/Application.php(350): Illuminate\\Foundation\\Bootstrap\\RegisterFacades->bootstrap(Object(Illuminate\\Foundation\\Application))
#6 /app/vendor/laravel/framework/src/Illuminate/Foundation/Console/Kernel.php(507): Illuminate\\Foundation\\Application->bootstrapWith(Array)
#7 /app/vendor/laravel/framework/src/Illuminate/Foundation/Console/Kernel.php(196): Illuminate\\Foundation\\Console\\Kernel->bootstrap()
#8 /app/artisan(24): Illuminate\\Foundation\\Console\\Kernel->handle(Object(Symfony\\Component\\Console\\Input\\ArgvInput), Object(Symfony\\Component\\Console\\Output\\ConsoleOutput))
#9 {main}
"} 
[2026-10-07 13:15:03] development.ERROR: Class "App\Providers\EventServiceProvider" not found {"exception":"[object] (Error(code: 0): Class \"App\\Providers\\EventServiceProvider\" not found at /app/vendor/laravel/framework/src/Illuminate/Foundation/ProviderRepository.php:205)
[stacktrace]
#0 /app/vendor/laravel/framework/src/Illuminate/Foundation/ProviderRepository.php(141): Illuminate\\Foundation\\ProviderRepository->createProvider('App\\\\Providers\\\\E...')
#1 /app/vendor/laravel/framework/src/Illuminate/Foundation/ProviderRepository.php(60): Illuminate\\Foundation\\ProviderRepository->compileManifest(Array)
#2 /app/vendor/laravel/framework/src/Illuminate/Foundation/Application.php(879): Illuminate\\Foundation\\ProviderRepository->load(Array)
#3 /app/vendor/laravel/framework/src/Illuminate/Foundation/Bootstrap/RegisterProviders.php(37): Illuminate\\Foundation\\Application->registerConfiguredProviders()
#4 /app/vendor/laravel/framework/src/Illuminate/Foundation/Application.php(350): Illuminate\\Foundation\\Bootstrap\\RegisterProviders->bootstrap(Object(Illuminate\\Foundation\\Application))
#5 /app/vendor/laravel/framework/src/Illuminate/Foundation/Console/Kernel.php(507): Illuminate\\Foundation\\Application->bootstrapWith(Array)
#6 /app/vendor/laravel/framework/src/Illuminate/Foundation/Console/Kernel.php(196): Illuminate\\Foundation\\Console\\Kernel->bootstrap()
#7 /app/artisan(24): Illuminate\\Foundation\\Console\\Kernel->handle(Object(Symfony\\Component\\Console\\Input\\ArgvInput), Object(Symfony\\Component\\Console\\Output\\ConsoleOutput))
#8 {main}
"} 
[2026-10-07 09:29:19] development.ERROR: Class "App\Providers\EventServiceProvider" not found {"exception":"[object] (Error(code: 0): Class \"App\\Providers\\EventServiceProvider\" not found at /app/vendor/laravel/framework/src/Illuminate/Foundation/ProviderRepository.php:205)
[stacktrace]
#0 /app/vendor/laravel/framework/src/Illuminate/Foundation/ProviderRepository.php(141): Illuminate\\Foundation\\ProviderRepository->createProvider('App\\\\Providers\\\\E...')
#1 /app/vendor/laravel/framework/src/Illuminate/Foundation/ProviderRepository.php(60): Illuminate\\Foundation\\ProviderRepository->compileManifest(Array)
#2 /app/vendor/laravel/framework/src/Illuminate/Foundation/Application.php(879): Illuminate\\Foundation\\ProviderRepository->load(Array)
#3 /app/vendor/laravel/framework/src/Illuminate/Foundation/Bootstrap/RegisterProviders.php(37): Illuminate\\Foundation\\Application->registerConfiguredProviders()
#4 /app/vendor/laravel/framework/src/Illuminate/Foundation/Application.php(350): Illuminate\\Foundation\\Bootstrap\\RegisterProviders->bootstrap(Object(Illuminate\\Foundation\\Application))
#5 /app/vendor/laravel/framework/src/Illuminate/Foundation/Console/Kernel.php(507): Illuminate\\Foundation\\Application->bootstrapWith(Array)
#6 /app/vendor/laravel/framework/src/Illuminate/Foundation/Console/Kernel.php(196): Illuminate\\Foundation\\Console\\Kernel->bootstrap()
#7 /app/artisan(24): Illuminate\\Foundation\\Console\\Kernel->handle(Object(Symfony\\Component\\Console\\Input\\ArgvInput), Object(Symfony\\Component\\Console\\Output\\ConsoleOutput))
#8 {main}
"} 
